
> product-catalog@1.0.0 test:ci
> ng test --no-watch --code-coverage --browsers=ChromeHeadless

node.exe : - Generating browser application bundles (phase: setup)...
At line:1 char:1
+ & "C:\Program Files\nodejs/node.exe" "C:\Users\vaibh\AppData\Roaming\ ...
+ ~~~~~~~~~~~~~~~~~~~~~~~~~~~~~~~~~~~~~~~~~~~~~~~~~~~~~~~~~~~~~~~~~~~~~
    + CategoryInfo          : NotSpecified: (- Generating br...hase: setup)... 
   :String) [], RemoteException
    + FullyQualifiedErrorId : NativeCommandError
 
Γ£ö Browser application bundle generation complete.
[32m03 07 2026 11:37:10.036:INFO [karma-server]: [39mKarma v6.4.4 server started at http://localhost:9876/
[32m03 07 2026 11:37:10.039:INFO [launcher]: [39mLaunching browsers ChromeHeadless with concurrency unlimited
[32m03 07 2026 11:37:10.063:INFO [launcher]: [39mStarting browser ChromeHeadless
[32m03 07 2026 11:37:13.698:INFO [Chrome Headless 149.0.0.0 (Windows 10)]: [39mConnected on socket vzCXnJziiU2KsvQ_AAAB with id 49670409
Chrome Headless 149.0.0.0 (Windows 10): Executed 0 of 205[32m SUCCESS[39m (0 secs / 0 secs)
[1A[2KChrome Headless 149.0.0.0 (Windows 10): Executed 1 of 205[32m SUCCESS[39m (0 secs / 0.031 secs)
[1A[2KChrome Headless 149.0.0.0 (Windows 10): Executed 2 of 205[32m SUCCESS[39m (0 secs / 0.035 secs)
[1A[2KChrome Headless 149.0.0.0 (Windows 10): Executed 3 of 205[32m SUCCESS[39m (0 secs / 0.038 secs)
[1A[2KChrome Headless 149.0.0.0 (Windows 10): Executed 4 of 205[32m SUCCESS[39m (0 secs / 0.042 secs)
[1A[2KChrome Headless 149.0.0.0 (Windows 10): Executed 5 of 205[32m SUCCESS[39m (0 secs / 0.045 secs)
[1A[2KChrome Headless 149.0.0.0 (Windows 10): Executed 6 of 205[32m SUCCESS[39m (0 secs / 0.047 secs)
[1A[2KChrome Headless 149.0.0.0 (Windows 10): Executed 7 of 205[32m SUCCESS[39m (0 secs / 0.049 secs)
[1A[2KChrome Headless 149.0.0.0 (Windows 10): Executed 8 of 205[32m SUCCESS[39m (0 secs / 0.051 secs)
[1A[2KChrome Headless 149.0.0.0 (Windows 10): Executed 9 of 205[32m SUCCESS[39m (0 secs / 0.054 secs)
[1A[2KChrome Headless 149.0.0.0 (Windows 10): Executed 10 of 205[32m SUCCESS[39m (0 secs / 0.059 secs)
[1A[2KChrome Headless 149.0.0.0 (Windows 10): Executed 11 of 205[32m SUCCESS[39m (0 secs / 0.078 secs)
[1A[2KChrome Headless 149.0.0.0 (Windows 10): Executed 12 of 205[32m SUCCESS[39m (0 secs / 0.081 secs)
[1A[2KChrome Headless 149.0.0.0 (Windows 10): Executed 13 of 205[32m SUCCESS[39m (0 secs / 0.084 secs)
[1A[2KChrome Headless 149.0.0.0 (Windows 10): Executed 14 of 205[32m SUCCESS[39m (0 secs / 0.089 secs)
[1A[2KERROR: [36m'[ErrorService] NETWORK_ERROR: Http failure response for /api: 0 '[39m
Chrome Headless 149.0.0.0 (Windows 10): Executed 14 of 205[32m SUCCESS[39m (0 secs / 0.089 secs)
ERROR: '[ErrorService] NETWORK_ERROR: Http failure response for /api: 0 '
[1A[2KChrome Headless 149.0.0.0 (Windows 10): Executed 15 of 205[32m SUCCESS[39m (0 secs / 0.094 secs)
[1A[2KERROR: [36m'[ErrorService] TIMEOUT_ERROR: Http failure response for /api: 408 Timeout'[39m
Chrome Headless 149.0.0.0 (Windows 10): Executed 15 of 205[32m SUCCESS[39m (0 secs / 0.094 secs)
ERROR: '[ErrorService] TIMEOUT_ERROR: Http failure response for /api: 408 Timeout'
[1A[2KChrome Headless 149.0.0.0 (Windows 10): Executed 16 of 205[32m SUCCESS[39m (0 secs / 0.097 secs)
[1A[2KERROR: [36m'[ErrorService] HTTP_500: Http failure response for /api: 500 Server Error'[39m
Chrome Headless 149.0.0.0 (Windows 10): Executed 16 of 205[32m SUCCESS[39m (0 secs / 0.097 secs)
ERROR: '[ErrorService] HTTP_500: Http failure response for /api: 500 Server Error'
[1A[2KChrome Headless 149.0.0.0 (Windows 10): Executed 17 of 205[32m SUCCESS[39m (0 secs / 0.1 secs)
[1A[2KERROR: [36m'[ErrorService] HTTP_404: Http failure response for /api: 404 Not Found'[39m
Chrome Headless 149.0.0.0 (Windows 10): Executed 17 of 205[32m SUCCESS[39m (0 secs / 0.1 secs)
ERROR: '[ErrorService] HTTP_404: Http failure response for /api: 404 Not Found'
[1A[2KChrome Headless 149.0.0.0 (Windows 10): Executed 18 of 205[32m SUCCESS[39m (0 secs / 0.102 secs)
[1A[2KChrome Headless 149.0.0.0 (Windows 10): Executed 19 of 205[32m SUCCESS[39m (0 secs / 0.105 secs)
[1A[2KChrome Headless 149.0.0.0 (Windows 10): Executed 20 of 205[32m SUCCESS[39m (0 secs / 0.107 secs)
[1A[2KChrome Headless 149.0.0.0 (Windows 10): Executed 21 of 205[32m SUCCESS[39m (0 secs / 0.109 secs)
[1A[2KChrome Headless 149.0.0.0 (Windows 10): Executed 22 of 205[32m SUCCESS[39m (0 secs / 0.111 secs)
[1A[2KChrome Headless 149.0.0.0 (Windows 10): Executed 23 of 205[32m SUCCESS[39m (0 secs / 0.112 secs)
[1A[2KChrome Headless 149.0.0.0 (Windows 10): Executed 24 of 205[32m SUCCESS[39m (0 secs / 0.113 secs)
[1A[2KChrome Headless 149.0.0.0 (Windows 10): Executed 25 of 205[32m SUCCESS[39m (0 secs / 0.115 secs)
[1A[2KChrome Headless 149.0.0.0 (Windows 10): Executed 26 of 205[32m SUCCESS[39m (0 secs / 0.116 secs)
[1A[2KChrome Headless 149.0.0.0 (Windows 10): Executed 27 of 205[32m SUCCESS[39m (0 secs / 0.117 secs)
[1A[2KChrome Headless 149.0.0.0 (Windows 10): Executed 28 of 205[32m SUCCESS[39m (0 secs / 0.118 secs)
[1A[2KChrome Headless 149.0.0.0 (Windows 10): Executed 29 of 205[32m SUCCESS[39m (0 secs / 0.119 secs)
[1A[2KChrome Headless 149.0.0.0 (Windows 10): Executed 30 of 205[32m SUCCESS[39m (0 secs / 0.12 secs)
[1A[2KChrome Headless 149.0.0.0 (Windows 10): Executed 31 of 205[32m SUCCESS[39m (0 secs / 0.121 secs)
[1A[2KChrome Headless 149.0.0.0 (Windows 10): Executed 32 of 205[32m SUCCESS[39m (0 secs / 0.122 secs)
[1A[2KChrome Headless 149.0.0.0 (Windows 10): Executed 33 of 205[32m SUCCESS[39m (0 secs / 0.123 secs)
[1A[2KChrome Headless 149.0.0.0 (Windows 10): Executed 34 of 205[32m SUCCESS[39m (0 secs / 0.125 secs)
[1A[2KChrome Headless 149.0.0.0 (Windows 10): Executed 35 of 205[32m SUCCESS[39m (0 secs / 0.13 secs)
[1A[2KChrome Headless 149.0.0.0 (Windows 10): Executed 36 of 205[32m SUCCESS[39m (0 secs / 0.132 secs)
[1A[2KChrome Headless 149.0.0.0 (Windows 10): Executed 37 of 205[32m SUCCESS[39m (0 secs / 0.133 secs)
[1A[2KChrome Headless 149.0.0.0 (Windows 10): Executed 38 of 205[32m SUCCESS[39m (0 secs / 0.133 secs)
[1A[2KChrome Headless 149.0.0.0 (Windows 10): Executed 39 of 205[32m SUCCESS[39m (0 secs / 0.134 secs)
[1A[2KChrome Headless 149.0.0.0 (Windows 10): Executed 40 of 205[32m SUCCESS[39m (0 secs / 0.136 secs)
[1A[2KChrome Headless 149.0.0.0 (Windows 10): Executed 41 of 205[32m SUCCESS[39m (0 secs / 0.138 secs)
[1A[2K[31mChrome Headless 149.0.0.0 (Windows 10) CategoryService should cache category results FAILED[39m
	Uncaught Error: Expected zero matching requests for criteria "Match by function: ", found 1. thrown
	Error: Timeout - Async function did not complete within 5000ms (set by jasmine.DEFAULT_TIMEOUT_INTERVAL)
	    at <Jasmine>
Chrome Headless 149.0.0.0 (Windows 10): Executed 42 of 205[31m (1 FAILED)[39m (0 secs / 5.154 secs)
[1A[2KChrome Headless 149.0.0.0 (Windows 10): Executed 43 of 205[31m (1 FAILED)[39m (0 secs / 5.156 secs)
[1A[2KChrome Headless 149.0.0.0 (Windows 10): Executed 44 of 205[31m (1 FAILED)[39m (0 secs / 5.158 secs)
[1A[2K[31mChrome Headless 149.0.0.0 (Windows 10) HealthService should check health status FAILED[39m
	Error: Expected one matching request for criteria "Match by function: ", found none. Requests received are: GET http://localhost/api?action=health.
	    at HttpClientTestingBackend.expectOne (node_modules/@angular/common/fesm2022/http/testing.mjs:273:19)
	    at UserContext.apply (src/app/core/services/health.service.spec.ts:44:26)
	    at _ZoneDelegate.invoke (node_modules/zone.js/fesm2015/zone.js:398:28)
	    at ProxyZoneSpec.onInvoke (node_modules/zone.js/fesm2015/zone-testing.js:2132:39)
	    at _ZoneDelegate.invoke (node_modules/zone.js/fesm2015/zone.js:397:34)
	    at ZoneImpl.run (node_modules/zone.js/fesm2015/zone.js:113:43)
	    at runInTestZone (node_modules/zone.js/fesm2015/zone-testing.js:213:38)
	    at UserContext.<anonymous> (node_modules/zone.js/fesm2015/zone-testing.js:231:32)
	    at <Jasmine>
	Error: Expected no open requests, found 1: GET http://localhost/api?action=health
	    at HttpClientTestingBackend.verify (node_modules/@angular/common/fesm2022/http/testing.mjs:301:19)
	    at UserContext.apply (src/app/core/services/health.service.spec.ts:26:28)
	    at _ZoneDelegate.invoke (node_modules/zone.js/fesm2015/zone.js:398:28)
	    at ProxyZoneSpec.onInvoke (node_modules/zone.js/fesm2015/zone-testing.js:2132:39)
	    at _ZoneDelegate.invoke (node_modules/zone.js/fesm2015/zone.js:397:34)
	    at ZoneImpl.run (node_modules/zone.js/fesm2015/zone.js:113:43)
	    at runInTestZone (node_modules/zone.js/fesm2015/zone-testing.js:216:38)
	    at UserContext.<anonymous> (node_modules/zone.js/fesm2015/zone-testing.js:234:32)
	    at <Jasmine>
Chrome Headless 149.0.0.0 (Windows 10): Executed 45 of 205[31m (2 FAILED)[39m (0 secs / 5.163 secs)
[1A[2K[31mChrome Headless 149.0.0.0 (Windows 10) HealthService should handle health check error FAILED[39m
	Error: Expected one matching request for criteria "Match by function: ", found none. Requests received are: GET http://localhost/api?action=health.
	    at HttpClientTestingBackend.expectOne (node_modules/@angular/common/fesm2022/http/testing.mjs:273:19)
	    at UserContext.apply (src/app/core/services/health.service.spec.ts:57:26)
	    at _ZoneDelegate.invoke (node_modules/zone.js/fesm2015/zone.js:398:28)
	    at ProxyZoneSpec.onInvoke (node_modules/zone.js/fesm2015/zone-testing.js:2132:39)
	    at _ZoneDelegate.invoke (node_modules/zone.js/fesm2015/zone.js:397:34)
	    at ZoneImpl.run (node_modules/zone.js/fesm2015/zone.js:113:43)
	    at runInTestZone (node_modules/zone.js/fesm2015/zone-testing.js:213:38)
	    at UserContext.<anonymous> (node_modules/zone.js/fesm2015/zone-testing.js:231:32)
	    at <Jasmine>
	Error: Expected no open requests, found 1: GET http://localhost/api?action=health
	    at HttpClientTestingBackend.verify (node_modules/@angular/common/fesm2022/http/testing.mjs:301:19)
	    at UserContext.apply (src/app/core/services/health.service.spec.ts:26:28)
	    at _ZoneDelegate.invoke (node_modules/zone.js/fesm2015/zone.js:398:28)
	    at ProxyZoneSpec.onInvoke (node_modules/zone.js/fesm2015/zone-testing.js:2132:39)
	    at _ZoneDelegate.invoke (node_modules/zone.js/fesm2015/zone.js:397:34)
	    at ZoneImpl.run (node_modules/zone.js/fesm2015/zone.js:113:43)
	    at runInTestZone (node_modules/zone.js/fesm2015/zone-testing.js:216:38)
	    at UserContext.<anonymous> (node_modules/zone.js/fesm2015/zone-testing.js:234:32)
	    at <Jasmine>
Chrome Headless 149.0.0.0 (Windows 10): Executed 46 of 205[31m (3 FAILED)[39m (0 secs / 5.165 secs)
[1A[2KChrome Headless 149.0.0.0 (Windows 10): Executed 47 of 205[31m (3 FAILED)[39m (0 secs / 5.166 secs)
[1A[2KChrome Headless 149.0.0.0 (Windows 10): Executed 48 of 205[31m (3 FAILED)[39m (0 secs / 5.168 secs)
[1A[2KChrome Headless 149.0.0.0 (Windows 10): Executed 49 of 205[31m (3 FAILED)[39m (0 secs / 5.17 secs)
[1A[2K[31mChrome Headless 149.0.0.0 (Windows 10) ProductService should search products by query FAILED[39m
	Error: Expected one matching request for criteria "Match by function: ", found none. Requests received are: GET http://localhost/api?action=searchProducts&q=laptop.
	    at HttpClientTestingBackend.expectOne (node_modules/@angular/common/fesm2022/http/testing.mjs:273:19)
	    at UserContext.apply (src/app/core/services/product.service.spec.ts:68:26)
	    at _ZoneDelegate.invoke (node_modules/zone.js/fesm2015/zone.js:398:28)
	    at ProxyZoneSpec.onInvoke (node_modules/zone.js/fesm2015/zone-testing.js:2132:39)
	    at _ZoneDelegate.invoke (node_modules/zone.js/fesm2015/zone.js:397:34)
	    at ZoneImpl.run (node_modules/zone.js/fesm2015/zone.js:113:43)
	    at runInTestZone (node_modules/zone.js/fesm2015/zone-testing.js:213:38)
	    at UserContext.<anonymous> (node_modules/zone.js/fesm2015/zone-testing.js:231:32)
	    at <Jasmine>
	Error: Expected no open requests, found 1: GET http://localhost/api?action=searchProducts&q=laptop
	    at HttpClientTestingBackend.verify (node_modules/@angular/common/fesm2022/http/testing.mjs:301:19)
	    at UserContext.apply (src/app/core/services/product.service.spec.ts:26:28)
	    at _ZoneDelegate.invoke (node_modules/zone.js/fesm2015/zone.js:398:28)
	    at ProxyZoneSpec.onInvoke (node_modules/zone.js/fesm2015/zone-testing.js:2132:39)
	    at _ZoneDelegate.invoke (node_modules/zone.js/fesm2015/zone.js:397:34)
	    at ZoneImpl.run (node_modules/zone.js/fesm2015/zone.js:113:43)
	    at runInTestZone (node_modules/zone.js/fesm2015/zone-testing.js:216:38)
	    at UserContext.<anonymous> (node_modules/zone.js/fesm2015/zone-testing.js:234:32)
	    at <Jasmine>
Chrome Headless 149.0.0.0 (Windows 10): Executed 50 of 205[31m (4 FAILED)[39m (0 secs / 5.173 secs)
[1A[2K[31mChrome Headless 149.0.0.0 (Windows 10) ProductService should cache products FAILED[39m
	Uncaught Error: Expected zero matching requests for criteria "Match by function: ", found 1. thrown
	Error: Timeout - Async function did not complete within 5000ms (set by jasmine.DEFAULT_TIMEOUT_INTERVAL)
	    at <Jasmine>
Chrome Headless 149.0.0.0 (Windows 10): Executed 51 of 205[31m (5 FAILED)[39m (0 secs / 10.19 secs)
[1A[2KChrome Headless 149.0.0.0 (Windows 10): Executed 52 of 205[31m (5 FAILED)[39m (0 secs / 10.195 secs)
[1A[2KChrome Headless 149.0.0.0 (Windows 10): Executed 53 of 205[31m (5 FAILED)[39m (0 secs / 10.197 secs)
[1A[2KChrome Headless 149.0.0.0 (Windows 10): Executed 54 of 205[31m (5 FAILED)[39m (0 secs / 10.201 secs)
[1A[2K[31mChrome Headless 149.0.0.0 (Windows 10) SettingsService should cache settings FAILED[39m
	Uncaught Error: Expected zero matching requests for criteria "Match by function: ", found 1. thrown
	Error: Timeout - Async function did not complete within 5000ms (set by jasmine.DEFAULT_TIMEOUT_INTERVAL)
	    at <Jasmine>
Chrome Headless 149.0.0.0 (Windows 10): Executed 55 of 205[31m (6 FAILED)[39m (0 secs / 15.21 secs)
[1A[2KChrome Headless 149.0.0.0 (Windows 10): Executed 56 of 205[31m (6 FAILED)[39m (0 secs / 15.215 secs)
[1A[2KChrome Headless 149.0.0.0 (Windows 10): Executed 57 of 205[31m (6 FAILED)[39m (0 secs / 15.217 secs)
[1A[2KChrome Headless 149.0.0.0 (Windows 10): Executed 58 of 205[31m (6 FAILED)[39m (0 secs / 15.217 secs)
[1A[2KChrome Headless 149.0.0.0 (Windows 10): Executed 59 of 205[31m (6 FAILED)[39m (0 secs / 15.218 secs)
[1A[2KChrome Headless 149.0.0.0 (Windows 10): Executed 60 of 205[31m (6 FAILED)[39m (0 secs / 15.218 secs)
[1A[2KChrome Headless 149.0.0.0 (Windows 10): Executed 61 of 205[31m (6 FAILED)[39m (0 secs / 15.218 secs)
[1A[2KChrome Headless 149.0.0.0 (Windows 10): Executed 62 of 205[31m (6 FAILED)[39m (0 secs / 15.218 secs)
[1A[2KChrome Headless 149.0.0.0 (Windows 10): Executed 63 of 205[31m (6 FAILED)[39m (0 secs / 15.218 secs)
[1A[2KChrome Headless 149.0.0.0 (Windows 10): Executed 64 of 205[31m (6 FAILED)[39m (0 secs / 15.218 secs)
[1A[2KChrome Headless 149.0.0.0 (Windows 10): Executed 65 of 205[31m (6 FAILED)[39m (0 secs / 15.219 secs)
[1A[2KChrome Headless 149.0.0.0 (Windows 10): Executed 66 of 205[31m (6 FAILED)[39m (0 secs / 15.219 secs)
[1A[2KChrome Headless 149.0.0.0 (Windows 10): Executed 67 of 205[31m (6 FAILED)[39m (0 secs / 15.219 secs)
[1A[2KChrome Headless 149.0.0.0 (Windows 10): Executed 68 of 205[31m (6 FAILED)[39m (0 secs / 15.22 secs)
[1A[2KChrome Headless 149.0.0.0 (Windows 10): Executed 69 of 205[31m (6 FAILED)[39m (0 secs / 15.221 secs)
[1A[2KChrome Headless 149.0.0.0 (Windows 10): Executed 70 of 205[31m (6 FAILED)[39m (0 secs / 15.221 secs)
[1A[2KChrome Headless 149.0.0.0 (Windows 10): Executed 71 of 205[31m (6 FAILED)[39m (0 secs / 15.221 secs)
[1A[2KChrome Headless 149.0.0.0 (Windows 10): Executed 72 of 205[31m (6 FAILED)[39m (0 secs / 15.221 secs)
[1A[2KChrome Headless 149.0.0.0 (Windows 10): Executed 73 of 205[31m (6 FAILED)[39m (0 secs / 15.221 secs)
[1A[2KChrome Headless 149.0.0.0 (Windows 10): Executed 74 of 205[31m (6 FAILED)[39m (0 secs / 15.221 secs)
[1A[2KChrome Headless 149.0.0.0 (Windows 10): Executed 75 of 205[31m (6 FAILED)[39m (0 secs / 15.222 secs)
[1A[2KChrome Headless 149.0.0.0 (Windows 10): Executed 76 of 205[31m (6 FAILED)[39m (0 secs / 15.222 secs)
[1A[2KChrome Headless 149.0.0.0 (Windows 10): Executed 77 of 205[31m (6 FAILED)[39m (0 secs / 15.222 secs)
[1A[2KChrome Headless 149.0.0.0 (Windows 10): Executed 78 of 205[31m (6 FAILED)[39m (0 secs / 15.222 secs)
[1A[2KChrome Headless 149.0.0.0 (Windows 10): Executed 79 of 205[31m (6 FAILED)[39m (0 secs / 15.222 secs)
[1A[2KChrome Headless 149.0.0.0 (Windows 10): Executed 80 of 205[31m (6 FAILED)[39m (0 secs / 15.222 secs)
[1A[2KChrome Headless 149.0.0.0 (Windows 10): Executed 81 of 205[31m (6 FAILED)[39m (0 secs / 15.223 secs)
[1A[2KChrome Headless 149.0.0.0 (Windows 10): Executed 82 of 205[31m (6 FAILED)[39m (0 secs / 15.223 secs)
[1A[2KChrome Headless 149.0.0.0 (Windows 10): Executed 83 of 205[31m (6 FAILED)[39m (0 secs / 15.224 secs)
[1A[2KChrome Headless 149.0.0.0 (Windows 10): Executed 84 of 205[31m (6 FAILED)[39m (0 secs / 15.224 secs)
[1A[2KChrome Headless 149.0.0.0 (Windows 10): Executed 85 of 205[31m (6 FAILED)[39m (0 secs / 15.224 secs)
[1A[2KChrome Headless 149.0.0.0 (Windows 10): Executed 86 of 205[31m (6 FAILED)[39m (0 secs / 15.226 secs)
[1A[2KWARN: [36m'Spec 'HttpCacheInterceptor should not cache non-GET requests' has no expectations.'[39m
Chrome Headless 149.0.0.0 (Windows 10): Executed 86 of 205[31m (6 FAILED)[39m (0 secs / 15.226 secs)
WARN: 'Spec 'HttpCacheInterceptor should not cache non-GET requests' has no expectations.'
[1A[2KChrome Headless 149.0.0.0 (Windows 10): Executed 87 of 205[31m (6 FAILED)[39m (0 secs / 15.229 secs)
[1A[2KWARN: [36m'Spec 'HttpCacheInterceptor should skip cache when x-no-cache header is set' has no expectations.'[39m
Chrome Headless 149.0.0.0 (Windows 10): Executed 87 of 205[31m (6 FAILED)[39m (0 secs / 15.229 secs)
WARN: 'Spec 'HttpCacheInterceptor should skip cache when x-no-cache header is set' has no expectations.'
[1A[2KChrome Headless 149.0.0.0 (Windows 10): Executed 88 of 205[31m (6 FAILED)[39m (0 secs / 15.231 secs)
[1A[2KWARN: [36m'Spec 'HttpCacheInterceptor should not cache error responses' has no expectations.'[39m
Chrome Headless 149.0.0.0 (Windows 10): Executed 88 of 205[31m (6 FAILED)[39m (0 secs / 15.231 secs)
WARN: 'Spec 'HttpCacheInterceptor should not cache error responses' has no expectations.'
[1A[2KChrome Headless 149.0.0.0 (Windows 10): Executed 89 of 205[31m (6 FAILED)[39m (0 secs / 15.233 secs)
[1A[2KWARN: [36m'Spec 'HttpCacheInterceptor should not cache non-2xx responses' has no expectations.'[39m
Chrome Headless 149.0.0.0 (Windows 10): Executed 89 of 205[31m (6 FAILED)[39m (0 secs / 15.233 secs)
WARN: 'Spec 'HttpCacheInterceptor should not cache non-2xx responses' has no expectations.'
[1A[2KChrome Headless 149.0.0.0 (Windows 10): Executed 90 of 205[31m (6 FAILED)[39m (0 secs / 15.234 secs)
[1A[2KWARN: [36m'Spec 'HttpCacheInterceptor should clear the cache' has no expectations.'[39m
Chrome Headless 149.0.0.0 (Windows 10): Executed 90 of 205[31m (6 FAILED)[39m (0 secs / 15.234 secs)
WARN: 'Spec 'HttpCacheInterceptor should clear the cache' has no expectations.'
[1A[2KChrome Headless 149.0.0.0 (Windows 10): Executed 91 of 205[31m (6 FAILED)[39m (0 secs / 15.235 secs)
[1A[2KWARN: [36m'Spec 'HttpCacheInterceptor should invalidate specific cache patterns' has no expectations.'[39m
Chrome Headless 149.0.0.0 (Windows 10): Executed 91 of 205[31m (6 FAILED)[39m (0 secs / 15.235 secs)
WARN: 'Spec 'HttpCacheInterceptor should invalidate specific cache patterns' has no expectations.'
[1A[2KChrome Headless 149.0.0.0 (Windows 10): Executed 92 of 205[31m (6 FAILED)[39m (0 secs / 15.236 secs)
[1A[2KChrome Headless 149.0.0.0 (Windows 10): Executed 93 of 205[31m (6 FAILED)[39m (0 secs / 15.238 secs)
[1A[2KChrome Headless 149.0.0.0 (Windows 10): Executed 94 of 205[31m (6 FAILED)[39m (0 secs / 15.239 secs)
[1A[2KChrome Headless 149.0.0.0 (Windows 10): Executed 95 of 205[31m (6 FAILED)[39m (0 secs / 15.24 secs)
[1A[2KChrome Headless 149.0.0.0 (Windows 10): Executed 96 of 205[31m (6 FAILED)[39m (0 secs / 15.241 secs)
[1A[2KChrome Headless 149.0.0.0 (Windows 10): Executed 97 of 205[31m (6 FAILED)[39m (0 secs / 15.242 secs)
[1A[2KChrome Headless 149.0.0.0 (Windows 10): Executed 98 of 205[31m (6 FAILED)[39m (0 secs / 15.243 secs)
[1A[2KChrome Headless 149.0.0.0 (Windows 10): Executed 99 of 205[31m (6 FAILED)[39m (0 secs / 15.244 secs)
[1A[2KChrome Headless 149.0.0.0 (Windows 10): Executed 100 of 205[31m (6 FAILED)[39m (0 secs / 15.245 secs)
[1A[2KChrome Headless 149.0.0.0 (Windows 10): Executed 101 of 205[31m (6 FAILED)[39m (0 secs / 15.248 secs)
[1A[2KChrome Headless 149.0.0.0 (Windows 10): Executed 102 of 205[31m (6 FAILED)[39m (0 secs / 15.251 secs)
[1A[2KChrome Headless 149.0.0.0 (Windows 10): Executed 103 of 205[31m (6 FAILED)[39m (0 secs / 15.253 secs)
[1A[2KChrome Headless 149.0.0.0 (Windows 10): Executed 104 of 205[31m (6 FAILED)[39m (0 secs / 15.255 secs)
[1A[2KChrome Headless 149.0.0.0 (Windows 10): Executed 105 of 205[31m (6 FAILED)[39m (0 secs / 15.257 secs)
[1A[2KChrome Headless 149.0.0.0 (Windows 10): Executed 106 of 205[31m (6 FAILED)[39m (0 secs / 15.258 secs)
[1A[2KChrome Headless 149.0.0.0 (Windows 10): Executed 107 of 205[31m (6 FAILED)[39m (0 secs / 15.259 secs)
[1A[2KChrome Headless 149.0.0.0 (Windows 10): Executed 108 of 205[31m (6 FAILED)[39m (0 secs / 15.26 secs)
[1A[2KChrome Headless 149.0.0.0 (Windows 10): Executed 109 of 205[31m (6 FAILED)[39m (0 secs / 15.261 secs)
[1A[2KChrome Headless 149.0.0.0 (Windows 10): Executed 110 of 205[31m (6 FAILED)[39m (0 secs / 15.261 secs)
[1A[2KChrome Headless 149.0.0.0 (Windows 10): Executed 111 of 205[31m (6 FAILED)[39m (0 secs / 15.261 secs)
[1A[2KChrome Headless 149.0.0.0 (Windows 10): Executed 112 of 205[31m (6 FAILED)[39m (0 secs / 15.261 secs)
[1A[2KChrome Headless 149.0.0.0 (Windows 10): Executed 113 of 205[31m (6 FAILED)[39m (0 secs / 15.261 secs)
[1A[2KChrome Headless 149.0.0.0 (Windows 10): Executed 114 of 205[31m (6 FAILED)[39m (0 secs / 15.262 secs)
[1A[2KChrome Headless 149.0.0.0 (Windows 10): Executed 115 of 205[31m (6 FAILED)[39m (0 secs / 15.262 secs)
[1A[2KChrome Headless 149.0.0.0 (Windows 10): Executed 116 of 205[31m (6 FAILED)[39m (0 secs / 15.262 secs)
[1A[2KChrome Headless 149.0.0.0 (Windows 10): Executed 117 of 205[31m (6 FAILED)[39m (0 secs / 15.262 secs)
[1A[2KChrome Headless 149.0.0.0 (Windows 10): Executed 118 of 205[31m (6 FAILED)[39m (0 secs / 15.268 secs)
[1A[2KChrome Headless 149.0.0.0 (Windows 10): Executed 119 of 205[31m (6 FAILED)[39m (0 secs / 15.27 secs)
[1A[2KChrome Headless 149.0.0.0 (Windows 10): Executed 120 of 205[31m (6 FAILED)[39m (0 secs / 15.274 secs)
[1A[2KChrome Headless 149.0.0.0 (Windows 10): Executed 121 of 205[31m (6 FAILED)[39m (0 secs / 15.277 secs)
[1A[2KChrome Headless 149.0.0.0 (Windows 10): Executed 122 of 205[31m (6 FAILED)[39m (0 secs / 15.281 secs)
[1A[2KChrome Headless 149.0.0.0 (Windows 10): Executed 123 of 205[31m (6 FAILED)[39m (0 secs / 15.284 secs)
[1A[2KChrome Headless 149.0.0.0 (Windows 10): Executed 124 of 205[31m (6 FAILED)[39m (0 secs / 15.288 secs)
[1A[2KChrome Headless 149.0.0.0 (Windows 10): Executed 125 of 205[31m (6 FAILED)[39m (0 secs / 15.29 secs)
[1A[2KChrome Headless 149.0.0.0 (Windows 10): Executed 126 of 205[31m (6 FAILED)[39m (0 secs / 15.291 secs)
[1A[2KChrome Headless 149.0.0.0 (Windows 10): Executed 127 of 205[31m (6 FAILED)[39m (0 secs / 15.293 secs)
[1A[2KChrome Headless 149.0.0.0 (Windows 10): Executed 128 of 205[31m (6 FAILED)[39m (0 secs / 15.295 secs)
[1A[2KChrome Headless 149.0.0.0 (Windows 10): Executed 129 of 205[31m (6 FAILED)[39m (0 secs / 15.297 secs)
[1A[2KChrome Headless 149.0.0.0 (Windows 10): Executed 130 of 205[31m (6 FAILED)[39m (0 secs / 15.298 secs)
[1A[2KChrome Headless 149.0.0.0 (Windows 10): Executed 131 of 205[31m (6 FAILED)[39m (0 secs / 15.301 secs)
[1A[2KChrome Headless 149.0.0.0 (Windows 10): Executed 132 of 205[31m (6 FAILED)[39m (0 secs / 15.304 secs)
[1A[2KChrome Headless 149.0.0.0 (Windows 10): Executed 133 of 205[31m (6 FAILED)[39m (0 secs / 15.306 secs)
[1A[2KChrome Headless 149.0.0.0 (Windows 10): Executed 134 of 205[31m (6 FAILED)[39m (0 secs / 15.308 secs)
[1A[2KChrome Headless 149.0.0.0 (Windows 10): Executed 135 of 205[31m (6 FAILED)[39m (0 secs / 15.31 secs)
[1A[2KChrome Headless 149.0.0.0 (Windows 10): Executed 136 of 205[31m (6 FAILED)[39m (0 secs / 15.311 secs)
[1A[2KChrome Headless 149.0.0.0 (Windows 10): Executed 137 of 205[31m (6 FAILED)[39m (0 secs / 15.313 secs)
[1A[2KChrome Headless 149.0.0.0 (Windows 10): Executed 138 of 205[31m (6 FAILED)[39m (0 secs / 15.315 secs)
[1A[2KChrome Headless 149.0.0.0 (Windows 10): Executed 139 of 205[31m (6 FAILED)[39m (0 secs / 15.318 secs)
[1A[2KChrome Headless 149.0.0.0 (Windows 10): Executed 140 of 205[31m (6 FAILED)[39m (0 secs / 15.321 secs)
[1A[2KChrome Headless 149.0.0.0 (Windows 10): Executed 141 of 205[31m (6 FAILED)[39m (0 secs / 15.323 secs)
[1A[2KChrome Headless 149.0.0.0 (Windows 10): Executed 142 of 205[31m (6 FAILED)[39m (0 secs / 15.325 secs)
[1A[2KChrome Headless 149.0.0.0 (Windows 10): Executed 143 of 205[31m (6 FAILED)[39m (0 secs / 15.326 secs)
[1A[2KChrome Headless 149.0.0.0 (Windows 10): Executed 144 of 205[31m (6 FAILED)[39m (0 secs / 15.327 secs)
[1A[2KChrome Headless 149.0.0.0 (Windows 10): Executed 145 of 205[31m (6 FAILED)[39m (0 secs / 15.329 secs)
[1A[2KChrome Headless 149.0.0.0 (Windows 10): Executed 146 of 205[31m (6 FAILED)[39m (0 secs / 15.33 secs)
[1A[2K[31mChrome Headless 149.0.0.0 (Windows 10) SearchStateService should persist recent searches to localStorage FAILED[39m
	Expected null to be truthy.
	    at <Jasmine>
	    at UserContext.apply (src/app/features/search/state/search-state.service.spec.ts:200:20)
	    at _ZoneDelegate.invoke (node_modules/zone.js/fesm2015/zone.js:398:28)
	    at ProxyZoneSpec.onInvoke (node_modules/zone.js/fesm2015/zone-testing.js:2132:39)
	    at _ZoneDelegate.invoke (node_modules/zone.js/fesm2015/zone.js:397:34)
	TypeError: Cannot read properties of null (reading '0')
	    at UserContext.apply (src/app/features/search/state/search-state.service.spec.ts:202:18)
	    at _ZoneDelegate.invoke (node_modules/zone.js/fesm2015/zone.js:398:28)
	    at ProxyZoneSpec.onInvoke (node_modules/zone.js/fesm2015/zone-testing.js:2132:39)
	    at _ZoneDelegate.invoke (node_modules/zone.js/fesm2015/zone.js:397:34)
	    at ZoneImpl.run (node_modules/zone.js/fesm2015/zone.js:113:43)
	    at runInTestZone (node_modules/zone.js/fesm2015/zone-testing.js:216:38)
	    at UserContext.<anonymous> (node_modules/zone.js/fesm2015/zone-testing.js:234:32)
	    at <Jasmine>
Chrome Headless 149.0.0.0 (Windows 10): Executed 147 of 205[31m (7 FAILED)[39m (0 secs / 15.333 secs)
[1A[2K[31mChrome Headless 149.0.0.0 (Windows 10) SearchStateService should load recent searches from localStorage FAILED[39m
	Expected 0 to be 2.
	    at <Jasmine>
	    at UserContext.apply (src/app/features/search/state/search-state.service.spec.ts:214:48)
	    at _ZoneDelegate.invoke (node_modules/zone.js/fesm2015/zone.js:398:28)
	    at ProxyZoneSpec.onInvoke (node_modules/zone.js/fesm2015/zone-testing.js:2132:39)
	    at _ZoneDelegate.invoke (node_modules/zone.js/fesm2015/zone.js:397:34)
Chrome Headless 149.0.0.0 (Windows 10): Executed 148 of 205[31m (8 FAILED)[39m (0 secs / 15.334 secs)
[1A[2KChrome Headless 149.0.0.0 (Windows 10): Executed 149 of 205[31m (8 FAILED)[39m (0 secs / 15.335 secs)
[1A[2KChrome Headless 149.0.0.0 (Windows 10): Executed 150 of 205[31m (8 FAILED)[39m (0 secs / 15.336 secs)
[1A[2KChrome Headless 149.0.0.0 (Windows 10): Executed 151 of 205[31m (8 FAILED)[39m (0 secs / 15.337 secs)
[1A[2KChrome Headless 149.0.0.0 (Windows 10): Executed 152 of 205[31m (8 FAILED)[39m (0 secs / 15.339 secs)
[1A[2KChrome Headless 149.0.0.0 (Windows 10): Executed 153 of 205[31m (8 FAILED)[39m (0 secs / 15.342 secs)
[1A[2KChrome Headless 149.0.0.0 (Windows 10): Executed 154 of 205[31m (8 FAILED)[39m (0 secs / 15.343 secs)
[1A[2KChrome Headless 149.0.0.0 (Windows 10): Executed 155 of 205[31m (8 FAILED)[39m (0 secs / 15.344 secs)
[1A[2KChrome Headless 149.0.0.0 (Windows 10): Executed 156 of 205[31m (8 FAILED)[39m (0 secs / 15.346 secs)
[1A[2KChrome Headless 149.0.0.0 (Windows 10): Executed 157 of 205[31m (8 FAILED)[39m (0 secs / 15.347 secs)
[1A[2KChrome Headless 149.0.0.0 (Windows 10): Executed 158 of 205[31m (8 FAILED)[39m (0 secs / 15.348 secs)
[1A[2KChrome Headless 149.0.0.0 (Windows 10): Executed 159 of 205[31m (8 FAILED)[39m (0 secs / 15.349 secs)
[1A[2KChrome Headless 149.0.0.0 (Windows 10): Executed 160 of 205[31m (8 FAILED)[39m (0 secs / 15.35 secs)
[1A[2KChrome Headless 149.0.0.0 (Windows 10): Executed 161 of 205[31m (8 FAILED)[39m (0 secs / 15.352 secs)
[1A[2KChrome Headless 149.0.0.0 (Windows 10): Executed 162 of 205[31m (8 FAILED)[39m (0 secs / 15.353 secs)
[1A[2KChrome Headless 149.0.0.0 (Windows 10): Executed 163 of 205[31m (8 FAILED)[39m (0 secs / 15.354 secs)
[1A[2KChrome Headless 149.0.0.0 (Windows 10): Executed 164 of 205[31m (8 FAILED)[39m (0 secs / 15.356 secs)
[1A[2K[31mChrome Headless 149.0.0.0 (Windows 10) CategoryStateService should load categories FAILED[39m
	TypeError: this.categoryService.getCategories(...).subscribe is not a function
	    at CategoryStateService.loadCategories (src/app/features/categories/state/category-state.service.ts:94:42)
	    at UserContext.apply (src/app/features/categories/state/category-state.service.spec.ts:49:13)
	    at _ZoneDelegate.invoke (node_modules/zone.js/fesm2015/zone.js:398:28)
	    at ProxyZoneSpec.onInvoke (node_modules/zone.js/fesm2015/zone-testing.js:2132:39)
	    at _ZoneDelegate.invoke (node_modules/zone.js/fesm2015/zone.js:397:34)
	    at ZoneImpl.run (node_modules/zone.js/fesm2015/zone.js:113:43)
	    at runInTestZone (node_modules/zone.js/fesm2015/zone-testing.js:213:38)
	    at UserContext.<anonymous> (node_modules/zone.js/fesm2015/zone-testing.js:231:32)
	    at <Jasmine>
Chrome Headless 149.0.0.0 (Windows 10): Executed 165 of 205[31m (9 FAILED)[39m (0 secs / 15.357 secs)
[1A[2K[31mChrome Headless 149.0.0.0 (Windows 10) CategoryStateService should not reload categories if already loaded FAILED[39m
	TypeError: this.categoryService.getCategories(...).subscribe is not a function
	    at CategoryStateService.loadCategories (src/app/features/categories/state/category-state.service.ts:94:42)
	    at UserContext.apply (src/app/features/categories/state/category-state.service.spec.ts:63:13)
	    at _ZoneDelegate.invoke (node_modules/zone.js/fesm2015/zone.js:398:28)
	    at ProxyZoneSpec.onInvoke (node_modules/zone.js/fesm2015/zone-testing.js:2132:39)
	    at _ZoneDelegate.invoke (node_modules/zone.js/fesm2015/zone.js:397:34)
	    at ZoneImpl.run (node_modules/zone.js/fesm2015/zone.js:113:43)
	    at runInTestZone (node_modules/zone.js/fesm2015/zone-testing.js:213:38)
	    at UserContext.<anonymous> (node_modules/zone.js/fesm2015/zone-testing.js:231:32)
	    at <Jasmine>
Chrome Headless 149.0.0.0 (Windows 10): Executed 166 of 205[31m (10 FAILED)[39m (0 secs / 15.358 secs)
[1A[2KChrome Headless 149.0.0.0 (Windows 10): Executed 167 of 205[31m (10 FAILED)[39m (0 secs / 15.359 secs)
[1A[2KChrome Headless 149.0.0.0 (Windows 10): Executed 168 of 205[31m (10 FAILED)[39m (0 secs / 15.36 secs)
[1A[2KChrome Headless 149.0.0.0 (Windows 10): Executed 169 of 205[31m (10 FAILED)[39m (0 secs / 15.361 secs)
[1A[2K[31mChrome Headless 149.0.0.0 (Windows 10) CategoryStateService should handle load categories error FAILED[39m
	TypeError: this.categoryService.getCategories(...).subscribe is not a function
	    at CategoryStateService.loadCategories (src/app/features/categories/state/category-state.service.ts:94:42)
	    at UserContext.apply (src/app/features/categories/state/category-state.service.spec.ts:109:13)
	    at _ZoneDelegate.invoke (node_modules/zone.js/fesm2015/zone.js:398:28)
	    at ProxyZoneSpec.onInvoke (node_modules/zone.js/fesm2015/zone-testing.js:2132:39)
	    at _ZoneDelegate.invoke (node_modules/zone.js/fesm2015/zone.js:397:34)
	    at ZoneImpl.run (node_modules/zone.js/fesm2015/zone.js:113:43)
	    at runInTestZone (node_modules/zone.js/fesm2015/zone-testing.js:213:38)
	    at UserContext.<anonymous> (node_modules/zone.js/fesm2015/zone-testing.js:231:32)
	    at <Jasmine>
Chrome Headless 149.0.0.0 (Windows 10): Executed 170 of 205[31m (11 FAILED)[39m (0 secs / 15.363 secs)
[1A[2KERROR: [36mError: Load failed
Error: Load failed
    at UserContext.apply (http://localhost:9876/_karma_webpack_/webpack:/src/app/features/categories/state/category-state.service.spec.ts:106:22)
    at _ZoneDelegate.invoke (http://localhost:9876/_karma_webpack_/webpack:/node_modules/zone.js/fesm2015/zone.js:398:28)
    at ProxyZoneSpec.onInvoke (http://localhost:9876/_karma_webpack_/webpack:/node_modules/zone.js/fesm2015/zone-testing.js:2132:39)
    at _ZoneDelegate.invoke (http://localhost:9876/_karma_webpack_/webpack:/node_modules/zone.js/fesm2015/zone.js:397:34)
    at ZoneImpl.run (http://localhost:9876/_karma_webpack_/webpack:/node_modules/zone.js/fesm2015/zone.js:113:43)
    at runInTestZone (http://localhost:9876/_karma_webpack_/webpack:/node_modules/zone.js/fesm2015/zone-testing.js:213:38)
    at UserContext.<anonymous> (http://localhost:9876/_karma_webpack_/webpack:/node_modules/zone.js/fesm2015/zone-testing.js:231:32)
    at ZoneQueueRunner.attempt (http://localhost:9876/base/node_modules/karma-jasmine/node_modules/jasmine-core/lib/jasmine-core/jasmine.js?86d98e11f43f2c8cfac9fb4806ed6c0aced74cbe:7643:40)
    at ZoneQueueRunner.QueueRunner.run (http://localhost:9876/base/node_modules/karma-jasmine/node_modules/jasmine-core/lib/jasmine-core/jasmine.js?86d98e11f43f2c8cfac9fb4806ed6c0aced74cbe:7670:27)
    at runNext (http://localhost:9876/base/node_modules/karma-jasmine/node_modules/jasmine-core/lib/jasmine-core/jasmine.js?86d98e11f43f2c8cfac9fb4806ed6c0aced74cbe:7574:16)[39m
Chrome Headless 149.0.0.0 (Windows 10): Executed 170 of 205[31m (11 FAILED)[39m (0 secs / 15.363 secs)
ERROR: Error: Load failed
Error: Load failed
    at UserContext.apply (http://localhost:9876/_karma_webpack_/webpack:/src/app/features/categories/state/category-state.service.spec.ts:106:22)
    at _ZoneDelegate.invoke (http://localhost:9876/_karma_webpack_/webpack:/node_modules/zone.js/fesm2015/zone.js:398:28)
    at ProxyZoneSpec.onInvoke (http://localhost:9876/_karma_webpack_/webpack:/node_modules/zone.js/fesm2015/zone-testing.js:2132:39)
    at _ZoneDelegate.invoke (http://localhost:9876/_karma_webpack_/webpack:/node_modules/zone.js/fesm2015/zone.js:397:34)
    at ZoneImpl.run (http://localhost:9876/_karma_webpack_/webpack:/node_modules/zone.js/fesm2015/zone.js:113:43)
    at runInTestZone (http://localhost:9876/_karma_webpack_/webpack:/node_modules/zone.js/fesm2015/zone-testing.js:213:38)
    at UserContext.<anonymous> (http://localhost:9876/_karma_webpack_/webpack:/node_modules/zone.js/fesm2015/zone-testing.js:231:32)
    at ZoneQueueRunner.attempt (http://localhost:9876/base/node_modules/karma-jasmine/node_modules/jasmine-core/lib/jasmine-core/jasmine.js?86d98e11f43f2c8cfac9fb4806ed6c0aced74cbe:7643:40)
    at ZoneQueueRunner.QueueRunner.run (http://localhost:9876/base/node_modules/karma-jasmine/node_modules/jasmine-core/lib/jasmine-core/jasmine.js?86d98e11f43f2c8cfac9fb4806ed6c0aced74cbe:7670:27)
    at runNext (http://localhost:9876/base/node_modules/karma-jasmine/node_modules/jasmine-core/lib/jasmine-core/jasmine.js?86d98e11f43f2c8cfac9fb4806ed6c0aced74cbe:7574:16)
[1A[2KChrome Headless 149.0.0.0 (Windows 10): Executed 171 of 205[31m (11 FAILED)[39m (0 secs / 15.365 secs)
[1A[2KChrome Headless 149.0.0.0 (Windows 10): Executed 172 of 205[31m (11 FAILED)[39m (0 secs / 15.366 secs)
[1A[2KChrome Headless 149.0.0.0 (Windows 10): Executed 173 of 205[31m (11 FAILED)[39m (0 secs / 15.367 secs)
[1A[2KChrome Headless 149.0.0.0 (Windows 10): Executed 174 of 205[31m (11 FAILED)[39m (0 secs / 15.368 secs)
[1A[2K[31mChrome Headless 149.0.0.0 (Windows 10) CategoryStateService should refresh categories FAILED[39m
	TypeError: this.categoryService.getCategories(...).subscribe is not a function
	    at CategoryStateService.loadCategories (src/app/features/categories/state/category-state.service.ts:94:42)
	    at CategoryStateService.refresh (src/app/features/categories/state/category-state.service.ts:175:10)
	    at UserContext.apply (src/app/features/categories/state/category-state.service.spec.ts:156:13)
	    at _ZoneDelegate.invoke (node_modules/zone.js/fesm2015/zone.js:398:28)
	    at ProxyZoneSpec.onInvoke (node_modules/zone.js/fesm2015/zone-testing.js:2132:39)
	    at _ZoneDelegate.invoke (node_modules/zone.js/fesm2015/zone.js:397:34)
	    at ZoneImpl.run (node_modules/zone.js/fesm2015/zone.js:113:43)
	    at runInTestZone (node_modules/zone.js/fesm2015/zone-testing.js:213:38)
	    at UserContext.<anonymous> (node_modules/zone.js/fesm2015/zone-testing.js:231:32)
	    at <Jasmine>
Chrome Headless 149.0.0.0 (Windows 10): Executed 175 of 205[31m (12 FAILED)[39m (0 secs / 15.37 secs)
[1A[2KChrome Headless 149.0.0.0 (Windows 10): Executed 176 of 205[31m (12 FAILED)[39m (0 secs / 15.371 secs)
[1A[2KChrome Headless 149.0.0.0 (Windows 10): Executed 177 of 205[31m (12 FAILED)[39m (0 secs / 15.373 secs)
[1A[2KChrome Headless 149.0.0.0 (Windows 10): Executed 178 of 205[31m (12 FAILED)[39m (0 secs / 15.374 secs)
[1A[2KChrome Headless 149.0.0.0 (Windows 10): Executed 179 of 205[31m (12 FAILED)[39m (0 secs / 15.375 secs)
[1A[2KChrome Headless 149.0.0.0 (Windows 10): Executed 180 of 205[31m (12 FAILED)[39m (0 secs / 15.376 secs)
[1A[2KChrome Headless 149.0.0.0 (Windows 10): Executed 181 of 205[31m (12 FAILED)[39m (0 secs / 15.377 secs)
[1A[2KChrome Headless 149.0.0.0 (Windows 10): Executed 182 of 205[31m (12 FAILED)[39m (0 secs / 15.379 secs)
[1A[2KChrome Headless 149.0.0.0 (Windows 10): Executed 183 of 205[31m (12 FAILED)[39m (0 secs / 15.381 secs)
[1A[2KChrome Headless 149.0.0.0 (Windows 10): Executed 184 of 205[31m (12 FAILED)[39m (0 secs / 15.382 secs)
[1A[2KChrome Headless 149.0.0.0 (Windows 10): Executed 185 of 205[31m (12 FAILED)[39m (0 secs / 15.383 secs)
[1A[2KChrome Headless 149.0.0.0 (Windows 10): Executed 186 of 205[31m (12 FAILED)[39m (0 secs / 15.385 secs)
[1A[2KChrome Headless 149.0.0.0 (Windows 10): Executed 187 of 205[31m (12 FAILED)[39m (0 secs / 15.386 secs)
[1A[2KChrome Headless 149.0.0.0 (Windows 10): Executed 188 of 205[31m (12 FAILED)[39m (0 secs / 15.387 secs)
[1A[2KChrome Headless 149.0.0.0 (Windows 10): Executed 189 of 205[31m (12 FAILED)[39m (0 secs / 15.388 secs)
[1A[2KChrome Headless 149.0.0.0 (Windows 10): Executed 190 of 205[31m (12 FAILED)[39m (0 secs / 15.389 secs)
[1A[2KChrome Headless 149.0.0.0 (Windows 10): Executed 191 of 205[31m (12 FAILED)[39m (0 secs / 15.39 secs)
[1A[2K[31mChrome Headless 149.0.0.0 (Windows 10) ProductStateService should load products FAILED[39m
	TypeError: this.productService.getProducts(...).subscribe is not a function
	    at ProductStateService.loadProducts (src/app/features/products/state/product-state.service.ts:88:39)
	    at UserContext.apply (src/app/features/products/state/product-state.service.spec.ts:52:13)
	    at _ZoneDelegate.invoke (node_modules/zone.js/fesm2015/zone.js:398:28)
	    at ProxyZoneSpec.onInvoke (node_modules/zone.js/fesm2015/zone-testing.js:2132:39)
	    at _ZoneDelegate.invoke (node_modules/zone.js/fesm2015/zone.js:397:34)
	    at ZoneImpl.run (node_modules/zone.js/fesm2015/zone.js:113:43)
	    at runInTestZone (node_modules/zone.js/fesm2015/zone-testing.js:213:38)
	    at UserContext.<anonymous> (node_modules/zone.js/fesm2015/zone-testing.js:231:32)
	    at <Jasmine>
Chrome Headless 149.0.0.0 (Windows 10): Executed 192 of 205[31m (13 FAILED)[39m (0 secs / 15.391 secs)
[1A[2K[31mChrome Headless 149.0.0.0 (Windows 10) ProductStateService should not reload products if already loaded FAILED[39m
	TypeError: this.productService.getProducts(...).subscribe is not a function
	    at ProductStateService.loadProducts (src/app/features/products/state/product-state.service.ts:88:39)
	    at UserContext.apply (src/app/features/products/state/product-state.service.spec.ts:66:13)
	    at _ZoneDelegate.invoke (node_modules/zone.js/fesm2015/zone.js:398:28)
	    at ProxyZoneSpec.onInvoke (node_modules/zone.js/fesm2015/zone-testing.js:2132:39)
	    at _ZoneDelegate.invoke (node_modules/zone.js/fesm2015/zone.js:397:34)
	    at ZoneImpl.run (node_modules/zone.js/fesm2015/zone.js:113:43)
	    at runInTestZone (node_modules/zone.js/fesm2015/zone-testing.js:213:38)
	    at UserContext.<anonymous> (node_modules/zone.js/fesm2015/zone-testing.js:231:32)
	    at <Jasmine>
Chrome Headless 149.0.0.0 (Windows 10): Executed 193 of 205[31m (14 FAILED)[39m (0 secs / 15.393 secs)
[1A[2K[31mChrome Headless 149.0.0.0 (Windows 10) ProductStateService should set search term and filter products FAILED[39m
	Expected 0 to be greater than 0.
	    at <Jasmine>
	    at UserContext.apply (src/app/features/products/state/product-state.service.spec.ts:84:29)
	    at _ZoneDelegate.invoke (node_modules/zone.js/fesm2015/zone.js:398:28)
	    at ProxyZoneSpec.onInvoke (node_modules/zone.js/fesm2015/zone-testing.js:2132:39)
	    at _ZoneDelegate.invoke (node_modules/zone.js/fesm2015/zone.js:397:34)
Chrome Headless 149.0.0.0 (Windows 10): Executed 194 of 205[31m (15 FAILED)[39m (0 secs / 15.395 secs)
[1A[2KChrome Headless 149.0.0.0 (Windows 10): Executed 195 of 205[31m (15 FAILED)[39m (0 secs / 15.396 secs)
[1A[2KChrome Headless 149.0.0.0 (Windows 10): Executed 196 of 205[31m (15 FAILED)[39m (0 secs / 15.397 secs)
[1A[2KChrome Headless 149.0.0.0 (Windows 10): Executed 197 of 205[31m (15 FAILED)[39m (0 secs / 15.398 secs)
[1A[2KChrome Headless 149.0.0.0 (Windows 10): Executed 198 of 205[31m (15 FAILED)[39m (0 secs / 15.399 secs)
[1A[2KChrome Headless 149.0.0.0 (Windows 10): Executed 199 of 205[31m (15 FAILED)[39m (0 secs / 15.4 secs)
[1A[2K[31mChrome Headless 149.0.0.0 (Windows 10) ProductStateService should handle load products error FAILED[39m
	TypeError: this.productService.getProducts(...).subscribe is not a function
	    at ProductStateService.loadProducts (src/app/features/products/state/product-state.service.ts:88:39)
	    at UserContext.apply (src/app/features/products/state/product-state.service.spec.ts:139:13)
	    at _ZoneDelegate.invoke (node_modules/zone.js/fesm2015/zone.js:398:28)
	    at ProxyZoneSpec.onInvoke (node_modules/zone.js/fesm2015/zone-testing.js:2132:39)
	    at _ZoneDelegate.invoke (node_modules/zone.js/fesm2015/zone.js:397:34)
	    at ZoneImpl.run (node_modules/zone.js/fesm2015/zone.js:113:43)
	    at runInTestZone (node_modules/zone.js/fesm2015/zone-testing.js:213:38)
	    at UserContext.<anonymous> (node_modules/zone.js/fesm2015/zone-testing.js:231:32)
	    at <Jasmine>
Chrome Headless 149.0.0.0 (Windows 10): Executed 200 of 205[31m (16 FAILED)[39m (0 secs / 15.401 secs)
[1A[2KERROR: [36mError: Load failed
Error: Load failed
    at UserContext.apply (http://localhost:9876/_karma_webpack_/webpack:/src/app/features/products/state/product-state.service.spec.ts:136:22)
    at _ZoneDelegate.invoke (http://localhost:9876/_karma_webpack_/webpack:/node_modules/zone.js/fesm2015/zone.js:398:28)
    at ProxyZoneSpec.onInvoke (http://localhost:9876/_karma_webpack_/webpack:/node_modules/zone.js/fesm2015/zone-testing.js:2132:39)
    at _ZoneDelegate.invoke (http://localhost:9876/_karma_webpack_/webpack:/node_modules/zone.js/fesm2015/zone.js:397:34)
    at ZoneImpl.run (http://localhost:9876/_karma_webpack_/webpack:/node_modules/zone.js/fesm2015/zone.js:113:43)
    at runInTestZone (http://localhost:9876/_karma_webpack_/webpack:/node_modules/zone.js/fesm2015/zone-testing.js:213:38)
    at UserContext.<anonymous> (http://localhost:9876/_karma_webpack_/webpack:/node_modules/zone.js/fesm2015/zone-testing.js:231:32)
    at ZoneQueueRunner.attempt (http://localhost:9876/base/node_modules/karma-jasmine/node_modules/jasmine-core/lib/jasmine-core/jasmine.js?86d98e11f43f2c8cfac9fb4806ed6c0aced74cbe:7643:40)
    at ZoneQueueRunner.QueueRunner.run (http://localhost:9876/base/node_modules/karma-jasmine/node_modules/jasmine-core/lib/jasmine-core/jasmine.js?86d98e11f43f2c8cfac9fb4806ed6c0aced74cbe:7670:27)
    at runNext (http://localhost:9876/base/node_modules/karma-jasmine/node_modules/jasmine-core/lib/jasmine-core/jasmine.js?86d98e11f43f2c8cfac9fb4806ed6c0aced74cbe:7574:16)[39m
Chrome Headless 149.0.0.0 (Windows 10): Executed 200 of 205[31m (16 FAILED)[39m (0 secs / 15.401 secs)
ERROR: Error: Load failed
Error: Load failed
    at UserContext.apply (http://localhost:9876/_karma_webpack_/webpack:/src/app/features/products/state/product-state.service.spec.ts:136:22)
    at _ZoneDelegate.invoke (http://localhost:9876/_karma_webpack_/webpack:/node_modules/zone.js/fesm2015/zone.js:398:28)
    at ProxyZoneSpec.onInvoke (http://localhost:9876/_karma_webpack_/webpack:/node_modules/zone.js/fesm2015/zone-testing.js:2132:39)
    at _ZoneDelegate.invoke (http://localhost:9876/_karma_webpack_/webpack:/node_modules/zone.js/fesm2015/zone.js:397:34)
    at ZoneImpl.run (http://localhost:9876/_karma_webpack_/webpack:/node_modules/zone.js/fesm2015/zone.js:113:43)
    at runInTestZone (http://localhost:9876/_karma_webpack_/webpack:/node_modules/zone.js/fesm2015/zone-testing.js:213:38)
    at UserContext.<anonymous> (http://localhost:9876/_karma_webpack_/webpack:/node_modules/zone.js/fesm2015/zone-testing.js:231:32)
    at ZoneQueueRunner.attempt (http://localhost:9876/base/node_modules/karma-jasmine/node_modules/jasmine-core/lib/jasmine-core/jasmine.js?86d98e11f43f2c8cfac9fb4806ed6c0aced74cbe:7643:40)
    at ZoneQueueRunner.QueueRunner.run (http://localhost:9876/base/node_modules/karma-jasmine/node_modules/jasmine-core/lib/jasmine-core/jasmine.js?86d98e11f43f2c8cfac9fb4806ed6c0aced74cbe:7670:27)
    at runNext (http://localhost:9876/base/node_modules/karma-jasmine/node_modules/jasmine-core/lib/jasmine-core/jasmine.js?86d98e11f43f2c8cfac9fb4806ed6c0aced74cbe:7574:16)
[1A[2KChrome Headless 149.0.0.0 (Windows 10): Executed 201 of 205[31m (16 FAILED)[39m (0 secs / 15.402 secs)
[1A[2KChrome Headless 149.0.0.0 (Windows 10): Executed 202 of 205[31m (16 FAILED)[39m (0 secs / 15.402 secs)
[1A[2K[31mChrome Headless 149.0.0.0 (Windows 10) ProductStateService should refresh products FAILED[39m
	TypeError: this.productService.getProducts(...).subscribe is not a function
	    at ProductStateService.loadProducts (src/app/features/products/state/product-state.service.ts:88:39)
	    at ProductStateService.refresh (src/app/features/products/state/product-state.service.ts:154:10)
	    at UserContext.apply (src/app/features/products/state/product-state.service.spec.ts:169:13)
	    at _ZoneDelegate.invoke (node_modules/zone.js/fesm2015/zone.js:398:28)
	    at ProxyZoneSpec.onInvoke (node_modules/zone.js/fesm2015/zone-testing.js:2132:39)
	    at _ZoneDelegate.invoke (node_modules/zone.js/fesm2015/zone.js:397:34)
	    at ZoneImpl.run (node_modules/zone.js/fesm2015/zone.js:113:43)
	    at runInTestZone (node_modules/zone.js/fesm2015/zone-testing.js:213:38)
	    at UserContext.<anonymous> (node_modules/zone.js/fesm2015/zone-testing.js:231:32)
	    at <Jasmine>
Chrome Headless 149.0.0.0 (Windows 10): Executed 203 of 205[31m (17 FAILED)[39m (0 secs / 15.403 secs)
[1A[2KChrome Headless 149.0.0.0 (Windows 10): Executed 204 of 205[31m (17 FAILED)[39m (0 secs / 15.404 secs)
[1A[2K[31mChrome Headless 149.0.0.0 (Windows 10) ProductStateService should load categories FAILED[39m
	TypeError: this.categoryService.getCategories(...).subscribe is not a function
	    at ProductStateService.loadCategories (src/app/features/products/state/product-state.service.ts:129:42)
	    at UserContext.apply (src/app/features/products/state/product-state.service.spec.ts:194:13)
	    at _ZoneDelegate.invoke (node_modules/zone.js/fesm2015/zone.js:398:28)
	    at ProxyZoneSpec.onInvoke (node_modules/zone.js/fesm2015/zone-testing.js:2132:39)
	    at _ZoneDelegate.invoke (node_modules/zone.js/fesm2015/zone.js:397:34)
	    at ZoneImpl.run (node_modules/zone.js/fesm2015/zone.js:113:43)
	    at runInTestZone (node_modules/zone.js/fesm2015/zone-testing.js:213:38)
	    at UserContext.<anonymous> (node_modules/zone.js/fesm2015/zone-testing.js:231:32)
	    at <Jasmine>
Chrome Headless 149.0.0.0 (Windows 10): Executed 205 of 205[31m (18 FAILED)[39m (0 secs / 15.405 secs)
[1A[2KChrome Headless 149.0.0.0 (Windows 10): Executed 205 of 205[31m (18 FAILED)[39m (15.567 secs / 15.405 secs)
[31mTOTAL: 18 FAILED, 187 SUCCESS[39m
Γ£ö Browser application bundle generation complete.

=============================== Coverage summary ===============================
Statements   : 76.26% ( 437/573 )
Branches     : 58.49% ( 62/106 )
Functions    : 70.32% ( 128/182 )
Lines        : 76.19% ( 400/525 )
================================================================================
Γ£ö Browser application bundle generation complete.
